[1.825s] Invoking command in '/media/galdrux/galdrux_storage/sem_5/ROS/exp_5_ws/src/py_pubsub': DEBUGINFOD_URLS=https://debuginfod.ubuntu.com PYTHONPATH=/media/galdrux/galdrux_storage/sem_5/ROS/exp_5_ws/src/build/py_pubsub/prefix_override:/usr/lib/python3/dist-packages/colcon_core/task/python/colcon_distutils_commands:/media/galdrux/galdrux_storage/sem_5/ROS/exp_5_ws/src/install/py_pubsub/lib/python3.12/site-packages:${PYTHONPATH} /usr/bin/python3 -W ignore:setup.py install is deprecated -W ignore:easy_install command is deprecated setup.py egg_info --egg-base ../build/py_pubsub build --build-base /media/galdrux/galdrux_storage/sem_5/ROS/exp_5_ws/src/build/py_pubsub/build install --record /media/galdrux/galdrux_storage/sem_5/ROS/exp_5_ws/src/build/py_pubsub/install.log --install-scripts $base/lib/py_pubsub --single-version-externally-managed install_data
[2.479s] running egg_info
[2.479s] creating ../build/py_pubsub/py_pubsub.egg-info
[2.506s] writing ../build/py_pubsub/py_pubsub.egg-info/PKG-INFO
[2.506s] writing dependency_links to ../build/py_pubsub/py_pubsub.egg-info/dependency_links.txt
[2.507s] writing requirements to ../build/py_pubsub/py_pubsub.egg-info/requires.txt
[2.507s] writing top-level names to ../build/py_pubsub/py_pubsub.egg-info/top_level.txt
[2.508s] writing manifest file '../build/py_pubsub/py_pubsub.egg-info/SOURCES.txt'
[2.561s] reading manifest file '../build/py_pubsub/py_pubsub.egg-info/SOURCES.txt'
[2.561s] adding license file 'LICENSE'
[2.561s] writing manifest file '../build/py_pubsub/py_pubsub.egg-info/SOURCES.txt'
[2.562s] running build
[2.562s] running build_py
[2.562s] creating /media/galdrux/galdrux_storage/sem_5/ROS/exp_5_ws/src/build/py_pubsub/build
[2.563s] creating /media/galdrux/galdrux_storage/sem_5/ROS/exp_5_ws/src/build/py_pubsub/build/lib
[2.563s] creating /media/galdrux/galdrux_storage/sem_5/ROS/exp_5_ws/src/build/py_pubsub/build/lib/py_pubsub
[2.564s] copying py_pubsub/__init__.py -> /media/galdrux/galdrux_storage/sem_5/ROS/exp_5_ws/src/build/py_pubsub/build/lib/py_pubsub
[2.564s] running install
[2.571s] running install_lib
[2.598s] creating /media/galdrux/galdrux_storage/sem_5/ROS/exp_5_ws/src/install/py_pubsub/lib/python3.12/site-packages/py_pubsub
[2.598s] copying /media/galdrux/galdrux_storage/sem_5/ROS/exp_5_ws/src/build/py_pubsub/build/lib/py_pubsub/__init__.py -> /media/galdrux/galdrux_storage/sem_5/ROS/exp_5_ws/src/install/py_pubsub/lib/python3.12/site-packages/py_pubsub
[2.599s] byte-compiling /media/galdrux/galdrux_storage/sem_5/ROS/exp_5_ws/src/install/py_pubsub/lib/python3.12/site-packages/py_pubsub/__init__.py to __init__.cpython-312.pyc
[2.599s] running install_data
[2.599s] creating /media/galdrux/galdrux_storage/sem_5/ROS/exp_5_ws/src/install/py_pubsub/share/ament_index
[2.600s] creating /media/galdrux/galdrux_storage/sem_5/ROS/exp_5_ws/src/install/py_pubsub/share/ament_index/resource_index
[2.600s] creating /media/galdrux/galdrux_storage/sem_5/ROS/exp_5_ws/src/install/py_pubsub/share/ament_index/resource_index/packages
[2.600s] copying resource/py_pubsub -> /media/galdrux/galdrux_storage/sem_5/ROS/exp_5_ws/src/install/py_pubsub/share/ament_index/resource_index/packages
[2.600s] copying package.xml -> /media/galdrux/galdrux_storage/sem_5/ROS/exp_5_ws/src/install/py_pubsub/share/py_pubsub
[2.601s] running install_egg_info
[2.630s] Copying ../build/py_pubsub/py_pubsub.egg-info to /media/galdrux/galdrux_storage/sem_5/ROS/exp_5_ws/src/install/py_pubsub/lib/python3.12/site-packages/py_pubsub-0.0.0-py3.12.egg-info
[2.632s] running install_scripts
[2.802s] writing list of installed files to '/media/galdrux/galdrux_storage/sem_5/ROS/exp_5_ws/src/build/py_pubsub/install.log'
[2.850s] Invoked command in '/media/galdrux/galdrux_storage/sem_5/ROS/exp_5_ws/src/py_pubsub' returned '0': DEBUGINFOD_URLS=https://debuginfod.ubuntu.com PYTHONPATH=/media/galdrux/galdrux_storage/sem_5/ROS/exp_5_ws/src/build/py_pubsub/prefix_override:/usr/lib/python3/dist-packages/colcon_core/task/python/colcon_distutils_commands:/media/galdrux/galdrux_storage/sem_5/ROS/exp_5_ws/src/install/py_pubsub/lib/python3.12/site-packages:${PYTHONPATH} /usr/bin/python3 -W ignore:setup.py install is deprecated -W ignore:easy_install command is deprecated setup.py egg_info --egg-base ../build/py_pubsub build --build-base /media/galdrux/galdrux_storage/sem_5/ROS/exp_5_ws/src/build/py_pubsub/build install --record /media/galdrux/galdrux_storage/sem_5/ROS/exp_5_ws/src/build/py_pubsub/install.log --install-scripts $base/lib/py_pubsub --single-version-externally-managed install_data
