running egg_info
creating ../../build/py_pubsub/py_pubsub.egg-info
writing ../../build/py_pubsub/py_pubsub.egg-info/PKG-INFO
writing dependency_links to ../../build/py_pubsub/py_pubsub.egg-info/dependency_links.txt
writing entry points to ../../build/py_pubsub/py_pubsub.egg-info/entry_points.txt
writing requirements to ../../build/py_pubsub/py_pubsub.egg-info/requires.txt
writing top-level names to ../../build/py_pubsub/py_pubsub.egg-info/top_level.txt
writing manifest file '../../build/py_pubsub/py_pubsub.egg-info/SOURCES.txt'
reading manifest file '../../build/py_pubsub/py_pubsub.egg-info/SOURCES.txt'
adding license file 'LICENSE'
writing manifest file '../../build/py_pubsub/py_pubsub.egg-info/SOURCES.txt'
running build
running build_py
creating /media/galdrux/galdrux_storage/sem_5/ROS/exp_5_ws/build/py_pubsub/build
creating /media/galdrux/galdrux_storage/sem_5/ROS/exp_5_ws/build/py_pubsub/build/lib
creating /media/galdrux/galdrux_storage/sem_5/ROS/exp_5_ws/build/py_pubsub/build/lib/py_pubsub
copying py_pubsub/publisher_member_function.py -> /media/galdrux/galdrux_storage/sem_5/ROS/exp_5_ws/build/py_pubsub/build/lib/py_pubsub
copying py_pubsub/subscriber_member_function.py -> /media/galdrux/galdrux_storage/sem_5/ROS/exp_5_ws/build/py_pubsub/build/lib/py_pubsub
copying py_pubsub/__init__.py -> /media/galdrux/galdrux_storage/sem_5/ROS/exp_5_ws/build/py_pubsub/build/lib/py_pubsub
running install
running install_lib
creating /media/galdrux/galdrux_storage/sem_5/ROS/exp_5_ws/install/py_pubsub/lib/python3.12/site-packages/py_pubsub
copying /media/galdrux/galdrux_storage/sem_5/ROS/exp_5_ws/build/py_pubsub/build/lib/py_pubsub/publisher_member_function.py -> /media/galdrux/galdrux_storage/sem_5/ROS/exp_5_ws/install/py_pubsub/lib/python3.12/site-packages/py_pubsub
copying /media/galdrux/galdrux_storage/sem_5/ROS/exp_5_ws/build/py_pubsub/build/lib/py_pubsub/subscriber_member_function.py -> /media/galdrux/galdrux_storage/sem_5/ROS/exp_5_ws/install/py_pubsub/lib/python3.12/site-packages/py_pubsub
copying /media/galdrux/galdrux_storage/sem_5/ROS/exp_5_ws/build/py_pubsub/build/lib/py_pubsub/__init__.py -> /media/galdrux/galdrux_storage/sem_5/ROS/exp_5_ws/install/py_pubsub/lib/python3.12/site-packages/py_pubsub
byte-compiling /media/galdrux/galdrux_storage/sem_5/ROS/exp_5_ws/install/py_pubsub/lib/python3.12/site-packages/py_pubsub/publisher_member_function.py to publisher_member_function.cpython-312.pyc
byte-compiling /media/galdrux/galdrux_storage/sem_5/ROS/exp_5_ws/install/py_pubsub/lib/python3.12/site-packages/py_pubsub/subscriber_member_function.py to subscriber_member_function.cpython-312.pyc
byte-compiling /media/galdrux/galdrux_storage/sem_5/ROS/exp_5_ws/install/py_pubsub/lib/python3.12/site-packages/py_pubsub/__init__.py to __init__.cpython-312.pyc
running install_data
creating /media/galdrux/galdrux_storage/sem_5/ROS/exp_5_ws/install/py_pubsub/share/ament_index
creating /media/galdrux/galdrux_storage/sem_5/ROS/exp_5_ws/install/py_pubsub/share/ament_index/resource_index
creating /media/galdrux/galdrux_storage/sem_5/ROS/exp_5_ws/install/py_pubsub/share/ament_index/resource_index/packages
copying resource/py_pubsub -> /media/galdrux/galdrux_storage/sem_5/ROS/exp_5_ws/install/py_pubsub/share/ament_index/resource_index/packages
copying package.xml -> /media/galdrux/galdrux_storage/sem_5/ROS/exp_5_ws/install/py_pubsub/share/py_pubsub
running install_egg_info
Copying ../../build/py_pubsub/py_pubsub.egg-info to /media/galdrux/galdrux_storage/sem_5/ROS/exp_5_ws/install/py_pubsub/lib/python3.12/site-packages/py_pubsub-0.0.0-py3.12.egg-info
running install_scripts
Installing pub_node script to /media/galdrux/galdrux_storage/sem_5/ROS/exp_5_ws/install/py_pubsub/lib/py_pubsub
Installing sub_node script to /media/galdrux/galdrux_storage/sem_5/ROS/exp_5_ws/install/py_pubsub/lib/py_pubsub
writing list of installed files to '/media/galdrux/galdrux_storage/sem_5/ROS/exp_5_ws/build/py_pubsub/install.log'
