[1.764s] Invoking command in '/media/galdrux/galdrux_storage/sem_5/ROS/exp_5_ws/src/py_pubsub': DEBUGINFOD_URLS=https://debuginfod.ubuntu.com PYTHONPATH=/media/galdrux/galdrux_storage/sem_5/ROS/exp_5_ws/build/py_pubsub/prefix_override:/usr/lib/python3/dist-packages/colcon_core/task/python/colcon_distutils_commands:/media/galdrux/galdrux_storage/sem_5/ROS/exp_5_ws/install/py_pubsub/lib/python3.12/site-packages:${PYTHONPATH} /usr/bin/python3 -W ignore:setup.py install is deprecated -W ignore:easy_install command is deprecated setup.py egg_info --egg-base ../../build/py_pubsub build --build-base /media/galdrux/galdrux_storage/sem_5/ROS/exp_5_ws/build/py_pubsub/build install --record /media/galdrux/galdrux_storage/sem_5/ROS/exp_5_ws/build/py_pubsub/install.log --install-scripts $base/lib/py_pubsub --single-version-externally-managed install_data
[2.103s] running egg_info
[2.104s] creating ../../build/py_pubsub/py_pubsub.egg-info
[2.131s] writing ../../build/py_pubsub/py_pubsub.egg-info/PKG-INFO
[2.131s] writing dependency_links to ../../build/py_pubsub/py_pubsub.egg-info/dependency_links.txt
[2.131s] writing entry points to ../../build/py_pubsub/py_pubsub.egg-info/entry_points.txt
[2.132s] writing requirements to ../../build/py_pubsub/py_pubsub.egg-info/requires.txt
[2.132s] writing top-level names to ../../build/py_pubsub/py_pubsub.egg-info/top_level.txt
[2.133s] writing manifest file '../../build/py_pubsub/py_pubsub.egg-info/SOURCES.txt'
[2.185s] reading manifest file '../../build/py_pubsub/py_pubsub.egg-info/SOURCES.txt'
[2.186s] adding license file 'LICENSE'
[2.186s] writing manifest file '../../build/py_pubsub/py_pubsub.egg-info/SOURCES.txt'
[2.187s] running build
[2.187s] running build_py
[2.187s] creating /media/galdrux/galdrux_storage/sem_5/ROS/exp_5_ws/build/py_pubsub/build
[2.188s] creating /media/galdrux/galdrux_storage/sem_5/ROS/exp_5_ws/build/py_pubsub/build/lib
[2.188s] creating /media/galdrux/galdrux_storage/sem_5/ROS/exp_5_ws/build/py_pubsub/build/lib/py_pubsub
[2.189s] copying py_pubsub/publisher_member_function.py -> /media/galdrux/galdrux_storage/sem_5/ROS/exp_5_ws/build/py_pubsub/build/lib/py_pubsub
[2.189s] copying py_pubsub/subscriber_member_function.py -> /media/galdrux/galdrux_storage/sem_5/ROS/exp_5_ws/build/py_pubsub/build/lib/py_pubsub
[2.191s] copying py_pubsub/__init__.py -> /media/galdrux/galdrux_storage/sem_5/ROS/exp_5_ws/build/py_pubsub/build/lib/py_pubsub
[2.191s] running install
[2.199s] running install_lib
[2.227s] creating /media/galdrux/galdrux_storage/sem_5/ROS/exp_5_ws/install/py_pubsub/lib/python3.12/site-packages/py_pubsub
[2.227s] copying /media/galdrux/galdrux_storage/sem_5/ROS/exp_5_ws/build/py_pubsub/build/lib/py_pubsub/publisher_member_function.py -> /media/galdrux/galdrux_storage/sem_5/ROS/exp_5_ws/install/py_pubsub/lib/python3.12/site-packages/py_pubsub
[2.227s] copying /media/galdrux/galdrux_storage/sem_5/ROS/exp_5_ws/build/py_pubsub/build/lib/py_pubsub/subscriber_member_function.py -> /media/galdrux/galdrux_storage/sem_5/ROS/exp_5_ws/install/py_pubsub/lib/python3.12/site-packages/py_pubsub
[2.229s] copying /media/galdrux/galdrux_storage/sem_5/ROS/exp_5_ws/build/py_pubsub/build/lib/py_pubsub/__init__.py -> /media/galdrux/galdrux_storage/sem_5/ROS/exp_5_ws/install/py_pubsub/lib/python3.12/site-packages/py_pubsub
[2.229s] byte-compiling /media/galdrux/galdrux_storage/sem_5/ROS/exp_5_ws/install/py_pubsub/lib/python3.12/site-packages/py_pubsub/publisher_member_function.py to publisher_member_function.cpython-312.pyc
[2.231s] byte-compiling /media/galdrux/galdrux_storage/sem_5/ROS/exp_5_ws/install/py_pubsub/lib/python3.12/site-packages/py_pubsub/subscriber_member_function.py to subscriber_member_function.cpython-312.pyc
[2.233s] byte-compiling /media/galdrux/galdrux_storage/sem_5/ROS/exp_5_ws/install/py_pubsub/lib/python3.12/site-packages/py_pubsub/__init__.py to __init__.cpython-312.pyc
[2.233s] running install_data
[2.233s] creating /media/galdrux/galdrux_storage/sem_5/ROS/exp_5_ws/install/py_pubsub/share/ament_index
[2.234s] creating /media/galdrux/galdrux_storage/sem_5/ROS/exp_5_ws/install/py_pubsub/share/ament_index/resource_index
[2.234s] creating /media/galdrux/galdrux_storage/sem_5/ROS/exp_5_ws/install/py_pubsub/share/ament_index/resource_index/packages
[2.279s] copying resource/py_pubsub -> /media/galdrux/galdrux_storage/sem_5/ROS/exp_5_ws/install/py_pubsub/share/ament_index/resource_index/packages
[2.279s] copying package.xml -> /media/galdrux/galdrux_storage/sem_5/ROS/exp_5_ws/install/py_pubsub/share/py_pubsub
[2.280s] running install_egg_info
[2.310s] Copying ../../build/py_pubsub/py_pubsub.egg-info to /media/galdrux/galdrux_storage/sem_5/ROS/exp_5_ws/install/py_pubsub/lib/python3.12/site-packages/py_pubsub-0.0.0-py3.12.egg-info
[2.314s] running install_scripts
[2.492s] Installing pub_node script to /media/galdrux/galdrux_storage/sem_5/ROS/exp_5_ws/install/py_pubsub/lib/py_pubsub
[2.508s] Installing sub_node script to /media/galdrux/galdrux_storage/sem_5/ROS/exp_5_ws/install/py_pubsub/lib/py_pubsub
[2.510s] writing list of installed files to '/media/galdrux/galdrux_storage/sem_5/ROS/exp_5_ws/build/py_pubsub/install.log'
[2.557s] Invoked command in '/media/galdrux/galdrux_storage/sem_5/ROS/exp_5_ws/src/py_pubsub' returned '0': DEBUGINFOD_URLS=https://debuginfod.ubuntu.com PYTHONPATH=/media/galdrux/galdrux_storage/sem_5/ROS/exp_5_ws/build/py_pubsub/prefix_override:/usr/lib/python3/dist-packages/colcon_core/task/python/colcon_distutils_commands:/media/galdrux/galdrux_storage/sem_5/ROS/exp_5_ws/install/py_pubsub/lib/python3.12/site-packages:${PYTHONPATH} /usr/bin/python3 -W ignore:setup.py install is deprecated -W ignore:easy_install command is deprecated setup.py egg_info --egg-base ../../build/py_pubsub build --build-base /media/galdrux/galdrux_storage/sem_5/ROS/exp_5_ws/build/py_pubsub/build install --record /media/galdrux/galdrux_storage/sem_5/ROS/exp_5_ws/build/py_pubsub/install.log --install-scripts $base/lib/py_pubsub --single-version-externally-managed install_data
