[1.179s] Invoking command in '/media/galdrux/galdrux_storage/sem_5/ROS/exp_5_ws/src/py_pubsub': DEBUGINFOD_URLS=https://debuginfod.ubuntu.com PS1=(venv) \[\e]0;\u@\h: \w\a\]${debian_chroot:+($debian_chroot)}\[\033[01;32m\]\u@\h\[\033[00m\]:\[\033[01;34m\]\w\[\033[00m\]\$ PYTHONPATH=/media/galdrux/galdrux_storage/sem_5/ROS/exp_5_ws/build/py_pubsub/prefix_override:/usr/lib/python3/dist-packages/colcon_core/task/python/colcon_distutils_commands:/media/galdrux/galdrux_storage/sem_5/ROS/exp_5_ws/install/py_pubsub/lib/python3.12/site-packages:${PYTHONPATH} VIRTUAL_ENV_PROMPT=(venv) /usr/bin/python3 -W ignore:setup.py install is deprecated -W ignore:easy_install command is deprecated setup.py egg_info --egg-base ../../build/py_pubsub build --build-base /media/galdrux/galdrux_storage/sem_5/ROS/exp_5_ws/build/py_pubsub/build install --record /media/galdrux/galdrux_storage/sem_5/ROS/exp_5_ws/build/py_pubsub/install.log --install-scripts $base/lib/py_pubsub --single-version-externally-managed install_data
[1.490s] running egg_info
[1.518s] writing ../../build/py_pubsub/py_pubsub.egg-info/PKG-INFO
[1.519s] writing dependency_links to ../../build/py_pubsub/py_pubsub.egg-info/dependency_links.txt
[1.519s] writing entry points to ../../build/py_pubsub/py_pubsub.egg-info/entry_points.txt
[1.519s] writing requirements to ../../build/py_pubsub/py_pubsub.egg-info/requires.txt
[1.520s] writing top-level names to ../../build/py_pubsub/py_pubsub.egg-info/top_level.txt
[1.573s] reading manifest file '../../build/py_pubsub/py_pubsub.egg-info/SOURCES.txt'
[1.573s] adding license file 'LICENSE'
[1.573s] writing manifest file '../../build/py_pubsub/py_pubsub.egg-info/SOURCES.txt'
[1.616s] running build
[1.616s] running build_py
[1.616s] running install
[1.627s] running install_lib
[1.654s] running install_data
[1.654s] running install_egg_info
[1.682s] removing '/media/galdrux/galdrux_storage/sem_5/ROS/exp_5_ws/install/py_pubsub/lib/python3.12/site-packages/py_pubsub-0.0.0-py3.12.egg-info' (and everything under it)
[1.683s] Copying ../../build/py_pubsub/py_pubsub.egg-info to /media/galdrux/galdrux_storage/sem_5/ROS/exp_5_ws/install/py_pubsub/lib/python3.12/site-packages/py_pubsub-0.0.0-py3.12.egg-info
[1.684s] running install_scripts
[1.858s] Installing pub_node script to /media/galdrux/galdrux_storage/sem_5/ROS/exp_5_ws/install/py_pubsub/lib/py_pubsub
[1.883s] Installing sub_node script to /media/galdrux/galdrux_storage/sem_5/ROS/exp_5_ws/install/py_pubsub/lib/py_pubsub
[1.894s] writing list of installed files to '/media/galdrux/galdrux_storage/sem_5/ROS/exp_5_ws/build/py_pubsub/install.log'
[1.954s] Invoked command in '/media/galdrux/galdrux_storage/sem_5/ROS/exp_5_ws/src/py_pubsub' returned '0': DEBUGINFOD_URLS=https://debuginfod.ubuntu.com PS1=(venv) \[\e]0;\u@\h: \w\a\]${debian_chroot:+($debian_chroot)}\[\033[01;32m\]\u@\h\[\033[00m\]:\[\033[01;34m\]\w\[\033[00m\]\$ PYTHONPATH=/media/galdrux/galdrux_storage/sem_5/ROS/exp_5_ws/build/py_pubsub/prefix_override:/usr/lib/python3/dist-packages/colcon_core/task/python/colcon_distutils_commands:/media/galdrux/galdrux_storage/sem_5/ROS/exp_5_ws/install/py_pubsub/lib/python3.12/site-packages:${PYTHONPATH} VIRTUAL_ENV_PROMPT=(venv) /usr/bin/python3 -W ignore:setup.py install is deprecated -W ignore:easy_install command is deprecated setup.py egg_info --egg-base ../../build/py_pubsub build --build-base /media/galdrux/galdrux_storage/sem_5/ROS/exp_5_ws/build/py_pubsub/build install --record /media/galdrux/galdrux_storage/sem_5/ROS/exp_5_ws/build/py_pubsub/install.log --install-scripts $base/lib/py_pubsub --single-version-externally-managed install_data
